8051 Assembler           Version 1.00   04/30/120 18:46:07    Page 1
D:\Kuliah\Mikroprosessor\Pertemuan 11\A51\2 Motor Stepper.A51



    1 0010                      ORG 10H
    2 0010              MULAI:
    3 0010 75A007               MOV     P2, #00000111B
    4 0013 113A                 ACALL   DELAY
    5 0015 75A003               MOV     P2, #00000011B
    6 0018 113A                 ACALL   DELAY
    7 001A 75A00B               MOV     P2, #00001011B
    8 001D 113A                 ACALL   DELAY
    9 001F 75A009               MOV     P2, #00001001B
   10 0022 113A                 ACALL   DELAY
   11 0024 75A00D               MOV     P2, #00001101B
   12 0027 113A                 ACALL   DELAY
   13 0029 75A00C               MOV     P2, #00001100B
   14 002C 113A                 ACALL   DELAY
   15 002E 75A00E               MOV     P2, #00001110B
   16 0031 113A                 ACALL   DELAY
   17 0033 75A006               MOV     P2, #00000110B
   18 0036 113A                 ACALL   DELAY
   19 0038 80D6                 SJMP    MULAI
   20 003A              
   21 003A 7801         DELAY:  MOV R0, #1H
   22 003C 7950         DELAY1: MOV R1, #050H
   23 003E 7A00         DELAY2: MOV R2, #0H
   24 0040 DAFE                 DJNZ R2, $
   25 0042 D9FA                 DJNZ R1, DELAY2
   26 0044 D8F6                 DJNZ R0, DELAY1
   27 0046 22                   RET
   28 0047              END     

Defined Symbols:

Defined Labels:
  DELAY                                     00003A  58
  DELAY1                                    00003C  60
  DELAY2                                    00003E  62
  MULAI                                     000010  16
